
> dashboard_v2@0.0.0 build
> tsc -b && vite build

(!) Your Vite config uses features that are unsupported by `configLoader: 'native'`, which is planned to become the default in a future major version of Vite:
  - `__dirname` (vite.config.ts:16:27). Use `import.meta.dirname` instead
Set `VITE_CONFIG_NATIVE_IGNORE_WARNING=true` to suppress this warning.
vite v8.3.1 building client environment for production...
transforming...

/brand/fonts/manrope-latin.woff2 referenced in /brand/fonts/manrope-latin.woff2 didn't resolve at build time, it will remain unchanged to be resolved at runtime

/brand/fonts/sora-latin.woff2 referenced in /brand/fonts/sora-latin.woff2 didn't resolve at build time, it will remain unchanged to be resolved at runtime
✓ 3102 modules transformed.
rendering chunks...
computing gzip size...
../analytics/dashboard_v2/dist/index.html                               1.36 kB │ gzip:   0.56 kB
../analytics/dashboard_v2/dist/assets/index-x3LVghQ4.css              185.56 kB │ gzip:  26.63 kB
../analytics/dashboard_v2/dist/assets/rolldown-runtime-hePW80VL.js      0.71 kB │ gzip:   0.42 kB
../analytics/dashboard_v2/dist/assets/query-FwnJxEWc.js                33.07 kB │ gzip:  10.08 kB
../analytics/dashboard_v2/dist/assets/react-BKtprR8h.js               206.83 kB │ gzip:  64.79 kB
../analytics/dashboard_v2/dist/assets/charts-BGgtzR2C.js              481.59 kB │ gzip: 133.17 kB
../analytics/dashboard_v2/dist/assets/index-DlYaNwM9.js             1,257.41 kB │ gzip: 317.62 kB

[plugin builtin:vite-reporter] 
(!) Some chunks are larger than 1000 kB after minification. Consider:
- Using dynamic import() to code-split the application
- Use build.rolldownOptions.output.codeSplitting to improve chunking: https://rolldown.rs/reference/OutputOptions.codeSplitting
- Adjust chunk size limit for this warning via build.chunkSizeWarningLimit.
✓ built in 1.90s
